CPU info:
Architecture:          x86_64
CPU op-mode(s):        32-bit, 64-bit
Byte Order:            Little Endian
CPU(s):                2
On-line CPU(s) list:   0,1
Thread(s) per core:    1
Core(s) per socket:    1
Socket(s):             2
NUMA node(s):          1
Vendor ID:             GenuineIntel
CPU family:            6
Model:                 44
Model name:            Westmere E56xx/L56xx/X56xx (Nehalem-C)
Stepping:              1
CPU MHz:               3303.248
BogoMIPS:              6606.49
Hypervisor vendor:     KVM
Virtualization type:   full
L1d cache:             32K
L1i cache:             32K
L2 cache:              4096K
L3 cache:              16384K
NUMA node0 CPU(s):     0,1
Flags:                 fpu vme de pse tsc msr pae mce cx8 apic sep mtrr pge mca cmov pat pse36 clflush mmx fxsr sse sse2 syscall nx lm constant_tsc rep_good nopl xtopology pni pclmulqdq ssse3 cx16 sse4_1 sse4_2 x2apic popcnt aes hypervisor lahf_lm arat


Memory:
              total        used        free      shared  buff/cache   available
Mem:        4045564      665388     1192560        3876     2187616     3039592
Swap:       2097148           0     2097148


Storage:
Filesystem                        Size  Used Avail Use% Mounted on
/dev/mapper/fedora_fedoraws-root   18G   11G  6.3G  63% /
